000 ┊ EF BB BF 41 42 43 44 45 ┊ ...ABCDE ┊ 
001 ┊ 46 47 48 49 4A 4B 4C 4D ┊ FGHIJKLM ┊ 
002 ┊ 4E 4F 50 51 52 53 54 55 ┊ NOPQRSTU ┊ 
003 ┊ 56 57 58 59 5A 0D 0A 41 ┊ VWXYZ..A ┊ 
004 ┊ 42 43 44 45 46 47 48 49 ┊ BCDEFGHI ┊ 
005 ┊ 4A 4B 4C 4D 4E 4F 50 51 ┊ JKLMNOPQ ┊ 
006 ┊ 52 53 54 55 56 57 58 59 ┊ RSTUVWXY ┊ 
007 ┊ 5A 0D 0A 41 42 43 44 45 ┊ Z..ABCDE ┊ 
008 ┊ 46 47 48 49 4A 4B 4C 4D ┊ FGHIJKLM ┊ 
009 ┊ 4E 4F 50 51 52 53 54 55 ┊ NOPQRSTU ┊ 
010 ┊ 56 57 58 59 5A 0D 0A    ┊ VWXYZ..  ┊ 

